// Jest Snapshot v1, https://goo.gl/fbAQLP

exports[`should'nt have falsy value con contacts state 1`] = `
Object {
  "asFragment": [Function],
  "baseElement": <body>
    <div>
      <div
        class="Contacts"
        id="contacts"
      >
        <div
          class="Contacts-content"
        >
          <div
            class="Profile"
          >
            <div
              class="Profile-img"
            />
            <div
              class="Profile-actions"
            >
              <div
                class="Action"
              >
                <svg
                  class="Action-img"
                  id="userCfg"
                  viewBox="0 0 512 512"
                  xmlns="http://www.w3.org/2000/svg"
                >
                  <path
                    d="m499.953125 197.703125-39.351563-8.554687c-3.421874-10.476563-7.660156-20.695313-12.664062-30.539063l21.785156-33.886719c3.890625-6.054687 3.035156-14.003906-2.050781-19.089844l-61.304687-61.304687c-5.085938-5.085937-13.035157-5.941406-19.089844-2.050781l-33.886719 21.785156c-9.84375-5.003906-20.0625-9.242188-30.539063-12.664062l-8.554687-39.351563c-1.527344-7.03125-7.753906-12.046875-14.949219-12.046875h-86.695312c-7.195313 0-13.421875 5.015625-14.949219 12.046875l-8.554687 39.351563c-10.476563 3.421874-20.695313 7.660156-30.539063 12.664062l-33.886719-21.785156c-6.054687-3.890625-14.003906-3.035156-19.089844 2.050781l-61.304687 61.304687c-5.085937 5.085938-5.941406 13.035157-2.050781 19.089844l21.785156 33.886719c-5.003906 9.84375-9.242188 20.0625-12.664062 30.539063l-39.351563 8.554687c-7.03125 1.53125-12.046875 7.753906-12.046875 14.949219v86.695312c0 7.195313 5.015625 13.417969 12.046875 14.949219l39.351563 8.554687c3.421874 10.476563 7.660156 20.695313 12.664062 30.539063l-21.785156 33.886719c-3.890625 6.054687-3.035156 14.003906 2.050781 19.089844l61.304687 61.304687c5.085938 5.085937 13.035157 5.941406 19.089844 2.050781l33.886719-21.785156c9.84375 5.003906 20.0625 9.242188 30.539063 12.664062l8.554687 39.351563c1.527344 7.03125 7.753906 12.046875 14.949219 12.046875h86.695312c7.195313 0 13.421875-5.015625 14.949219-12.046875l8.554687-39.351563c10.476563-3.421874 20.695313-7.660156 30.539063-12.664062l33.886719 21.785156c6.054687 3.890625 14.003906 3.039063 19.089844-2.050781l61.304687-61.304687c5.085937-5.085938 5.941406-13.035157 2.050781-19.089844l-21.785156-33.886719c5.003906-9.84375 9.242188-20.0625 12.664062-30.539063l39.351563-8.554687c7.03125-1.53125 12.046875-7.753906 12.046875-14.949219v-86.695312c0-7.195313-5.015625-13.417969-12.046875-14.949219zm-152.160156 58.296875c0 50.613281-41.179688 91.792969-91.792969 91.792969s-91.792969-41.179688-91.792969-91.792969 41.179688-91.792969 91.792969-91.792969 91.792969 41.179688 91.792969 91.792969zm0 0"
                  />
                </svg>
              </div>
            </div>
            <div
              class="userCfgPanel"
              id="userCfgPanel"
            >
              <div
                class="panelOption config"
              >
                <div
                  class="SecondaryButton"
                >
                  <button>
                    Ajustes de usuario
                  </button>
                </div>
              </div>
              <div
                class="panelOption logOut"
              >
                <div
                  class="SecondaryButton"
                >
                  <button>
                    Cerrar Sesión
                  </button>
                </div>
              </div>
            </div>
          </div>
          <div
            id="flag"
            style="padding-left: 5em; transform: rotate(90deg);"
          >
            <strong
              id="flagAnimation"
              style="font-size: 10rem;"
            >
              <span
                id="flag1"
              >
                F
              </span>
              <span
                id="flag2"
              >
                L
              </span>
              <span
                id="flag3"
              >
                A
              </span>
              <span
                id="flag4"
              >
                G
              </span>
            </strong>
          </div>
        </div>
      </div>
    </div>
  </body>,
  "container": <div>
    <div
      class="Contacts"
      id="contacts"
    >
      <div
        class="Contacts-content"
      >
        <div
          class="Profile"
        >
          <div
            class="Profile-img"
          />
          <div
            class="Profile-actions"
          >
            <div
              class="Action"
            >
              <svg
                class="Action-img"
                id="userCfg"
                viewBox="0 0 512 512"
                xmlns="http://www.w3.org/2000/svg"
              >
                <path
                  d="m499.953125 197.703125-39.351563-8.554687c-3.421874-10.476563-7.660156-20.695313-12.664062-30.539063l21.785156-33.886719c3.890625-6.054687 3.035156-14.003906-2.050781-19.089844l-61.304687-61.304687c-5.085938-5.085937-13.035157-5.941406-19.089844-2.050781l-33.886719 21.785156c-9.84375-5.003906-20.0625-9.242188-30.539063-12.664062l-8.554687-39.351563c-1.527344-7.03125-7.753906-12.046875-14.949219-12.046875h-86.695312c-7.195313 0-13.421875 5.015625-14.949219 12.046875l-8.554687 39.351563c-10.476563 3.421874-20.695313 7.660156-30.539063 12.664062l-33.886719-21.785156c-6.054687-3.890625-14.003906-3.035156-19.089844 2.050781l-61.304687 61.304687c-5.085937 5.085938-5.941406 13.035157-2.050781 19.089844l21.785156 33.886719c-5.003906 9.84375-9.242188 20.0625-12.664062 30.539063l-39.351563 8.554687c-7.03125 1.53125-12.046875 7.753906-12.046875 14.949219v86.695312c0 7.195313 5.015625 13.417969 12.046875 14.949219l39.351563 8.554687c3.421874 10.476563 7.660156 20.695313 12.664062 30.539063l-21.785156 33.886719c-3.890625 6.054687-3.035156 14.003906 2.050781 19.089844l61.304687 61.304687c5.085938 5.085937 13.035157 5.941406 19.089844 2.050781l33.886719-21.785156c9.84375 5.003906 20.0625 9.242188 30.539063 12.664062l8.554687 39.351563c1.527344 7.03125 7.753906 12.046875 14.949219 12.046875h86.695312c7.195313 0 13.421875-5.015625 14.949219-12.046875l8.554687-39.351563c10.476563-3.421874 20.695313-7.660156 30.539063-12.664062l33.886719 21.785156c6.054687 3.890625 14.003906 3.039063 19.089844-2.050781l61.304687-61.304687c5.085937-5.085938 5.941406-13.035157 2.050781-19.089844l-21.785156-33.886719c5.003906-9.84375 9.242188-20.0625 12.664062-30.539063l39.351563-8.554687c7.03125-1.53125 12.046875-7.753906 12.046875-14.949219v-86.695312c0-7.195313-5.015625-13.417969-12.046875-14.949219zm-152.160156 58.296875c0 50.613281-41.179688 91.792969-91.792969 91.792969s-91.792969-41.179688-91.792969-91.792969 41.179688-91.792969 91.792969-91.792969 91.792969 41.179688 91.792969 91.792969zm0 0"
                />
              </svg>
            </div>
          </div>
          <div
            class="userCfgPanel"
            id="userCfgPanel"
          >
            <div
              class="panelOption config"
            >
              <div
                class="SecondaryButton"
              >
                <button>
                  Ajustes de usuario
                </button>
              </div>
            </div>
            <div
              class="panelOption logOut"
            >
              <div
                class="SecondaryButton"
              >
                <button>
                  Cerrar Sesión
                </button>
              </div>
            </div>
          </div>
        </div>
        <div
          id="flag"
          style="padding-left: 5em; transform: rotate(90deg);"
        >
          <strong
            id="flagAnimation"
            style="font-size: 10rem;"
          >
            <span
              id="flag1"
            >
              F
            </span>
            <span
              id="flag2"
            >
              L
            </span>
            <span
              id="flag3"
            >
              A
            </span>
            <span
              id="flag4"
            >
              G
            </span>
          </strong>
        </div>
      </div>
    </div>
  </div>,
  "debug": [Function],
  "findAllByAltText": [Function],
  "findAllByDisplayValue": [Function],
  "findAllByLabelText": [Function],
  "findAllByPlaceholderText": [Function],
  "findAllByRole": [Function],
  "findAllByTestId": [Function],
  "findAllByText": [Function],
  "findAllByTitle": [Function],
  "findByAltText": [Function],
  "findByDisplayValue": [Function],
  "findByLabelText": [Function],
  "findByPlaceholderText": [Function],
  "findByRole": [Function],
  "findByTestId": [Function],
  "findByText": [Function],
  "findByTitle": [Function],
  "getAllByAltText": [Function],
  "getAllByDisplayValue": [Function],
  "getAllByLabelText": [Function],
  "getAllByPlaceholderText": [Function],
  "getAllByRole": [Function],
  "getAllByTestId": [Function],
  "getAllByText": [Function],
  "getAllByTitle": [Function],
  "getByAltText": [Function],
  "getByDisplayValue": [Function],
  "getByLabelText": [Function],
  "getByPlaceholderText": [Function],
  "getByRole": [Function],
  "getByTestId": [Function],
  "getByText": [Function],
  "getByTitle": [Function],
  "queryAllByAltText": [Function],
  "queryAllByDisplayValue": [Function],
  "queryAllByLabelText": [Function],
  "queryAllByPlaceholderText": [Function],
  "queryAllByRole": [Function],
  "queryAllByTestId": [Function],
  "queryAllByText": [Function],
  "queryAllByTitle": [Function],
  "queryByAltText": [Function],
  "queryByDisplayValue": [Function],
  "queryByLabelText": [Function],
  "queryByPlaceholderText": [Function],
  "queryByRole": [Function],
  "queryByTestId": [Function],
  "queryByText": [Function],
  "queryByTitle": [Function],
  "rerender": [Function],
  "unmount": [Function],
}
`;
